Copyright 1986-2018 Xilinx, Inc. All Rights Reserved.
-------------------------------------------------------------------------------------------------
| Tool Version      : Vivado v.2018.2 (lin64) Build 2258646 Thu Jun 14 20:02:38 MDT 2018
| Date              : Thu Aug 13 02:37:54 2020
| Host              : prflow-compute-0-0 running 64-bit CentOS Linux release 7.8.2003 (Core)
| Command           : report_clock_utilization -file zcu102_wrapper_clock_utilization_routed.rpt
| Design            : zcu102_wrapper
| Device            : xczu9eg-ffvb1156
| Speed File        : -2  PRODUCTION 1.20 05-21-2018
| Temperature Grade : E
-------------------------------------------------------------------------------------------------

Clock Utilization Report

Table of Contents
-----------------
1. Clock Primitive Utilization
2. Global Clock Resources
3. Global Clock Source Details
4. Clock Regions : Clock Primitives
5. Clock Regions : Load Primitives
6. Clock Regions : Global Clock Summary
7. Clock Regions : Routing Resource Utilization
8. Device Cell Placement Summary for Global Clock g0
9. Device Cell Placement Summary for Global Clock g1
10. Device Cell Placement Summary for Global Clock g2
11. Device Cell Placement Summary for Global Clock g3
12. Device Cell Placement Summary for Global Clock g4
13. Device Cell Placement Summary for Global Clock g5
14. Device Cell Placement Summary for Global Clock g6
15. Device Cell Placement Summary for Global Clock g7
16. Device Cell Placement Summary for Global Clock g8
17. Device Cell Placement Summary for Global Clock g9
18. Device Cell Placement Summary for Global Clock g10
19. Clock Region Cell Placement per Global Clock: Region X1Y0
20. Clock Region Cell Placement per Global Clock: Region X2Y0
21. Clock Region Cell Placement per Global Clock: Region X3Y0
22. Clock Region Cell Placement per Global Clock: Region X1Y1
23. Clock Region Cell Placement per Global Clock: Region X2Y1
24. Clock Region Cell Placement per Global Clock: Region X3Y1
25. Clock Region Cell Placement per Global Clock: Region X1Y2
26. Clock Region Cell Placement per Global Clock: Region X2Y2
27. Clock Region Cell Placement per Global Clock: Region X3Y2
28. Clock Region Cell Placement per Global Clock: Region X0Y3
29. Clock Region Cell Placement per Global Clock: Region X1Y3
30. Clock Region Cell Placement per Global Clock: Region X2Y3
31. Clock Region Cell Placement per Global Clock: Region X3Y3
32. Clock Region Cell Placement per Global Clock: Region X1Y4
33. Clock Region Cell Placement per Global Clock: Region X2Y4
34. Clock Region Cell Placement per Global Clock: Region X3Y4

1. Clock Primitive Utilization
------------------------------

+------------+------+-----------+-----+--------------+--------+
| Type       | Used | Available | LOC | Clock Region | Pblock |
+------------+------+-----------+-----+--------------+--------+
| BUFGCE     |   10 |       116 |   0 |            0 |      0 |
| BUFGCE_DIV |    0 |        16 |   0 |            0 |      0 |
| BUFGCTRL   |    0 |        32 |   0 |            0 |      0 |
| BUFG_GT    |    0 |       168 |   0 |            0 |      0 |
| MMCM       |    1 |         4 |   0 |            0 |      0 |
| PLL        |    0 |         8 |   0 |            0 |      0 |
+------------+------+-----------+-----+--------------+--------+


2. Global Clock Resources
-------------------------

+-----------+-----------+-----------------+------------+---------------+--------------+------+-------------------+-------------------+-------------+-----------------+--------------+-----------------------------+------------------------------------------------------------------------------------------------------+-------------------------------------------------------------------------------------+
| Global Id | Source Id | Driver Type/Pin | Constraint | Site          | Clock Region | Root | Clock Delay Group | Load Clock Region | Clock Loads | Non-Clock Loads | Clock Period | Clock                       | Driver Pin                                                                                           | Net                                                                                 |
+-----------+-----------+-----------------+------------+---------------+--------------+------+-------------------+-------------------+-------------+-----------------+--------------+-----------------------------+------------------------------------------------------------------------------------------------------+-------------------------------------------------------------------------------------+
| g0        | src0      | BUFGCE/O        | None       | BUFGCE_X0Y74  | X3Y3         | X1Y2 |                   |                15 |       64226 |               0 |       10.001 | clk_out2_zcu102_clk_wiz_0_0 | zcu102_i/clk_wiz_0/inst/clkout2_buf/O                                                                | zcu102_i/clk_wiz_0/inst/clk_out2                                                    |
| g1        | src1      | BUFGCE/O        | None       | BUFGCE_X0Y14  | X3Y0         | X3Y0 | n/a               |                 5 |           0 |            1650 |          n/a | n/a                         | zcu102_i/optical_flow_1/inst/Loop_FRAMES_CP_OUTER_U0/optical_flow_fdivbkb_U5/ce_r_reg_bufg_place/O   | zcu102_i/optical_flow_1/inst/Loop_FRAMES_CP_OUTER_U0/optical_flow_fdivbkb_U5/aclken |
| g2        | src2      | BUFGCE/O        | None       | BUFGCE_X0Y44  | X3Y1         | X3Y1 | n/a               |                 3 |           0 |            1553 |          n/a | n/a                         | zcu102_i/optical_flow_1/inst/flow_calc_U0/optical_flow_fdivbkb_U251/ce_r_reg_bufg_place/O            | zcu102_i/optical_flow_1/inst/flow_calc_U0/optical_flow_fdivbkb_U251/aclken          |
| g3        | src3      | BUFGCE/O        | None       | BUFGCE_X0Y56  | X3Y2         | X3Y2 | n/a               |                 5 |           0 |            2307 |          n/a | n/a                         | zcu102_i/optical_flow_1/inst/gradient_weight_x_U0/optical_flow_faddhbi_U126/ce_r_i_1__0_bufg_place/O | zcu102_i/optical_flow_1/inst/gradient_weight_x_U0/optical_flow_faddhbi_U126/E[0]    |
| g4        | src4      | BUFGCE/O        | None       | BUFGCE_X0Y51  | X3Y2         | X3Y2 | n/a               |                 3 |           0 |            1075 |          n/a | n/a                         | zcu102_i/optical_flow_1/inst/gradient_weight_x_U0/optical_flow_fmulibs_U140/ce_r_reg_bufg_place/O    | zcu102_i/optical_flow_1/inst/gradient_weight_x_U0/optical_flow_fmulibs_U140/ce_r    |
| g5        | src5      | BUFGCE/O        | None       | BUFGCE_X0Y92  | X3Y3         | X3Y3 | n/a               |                 6 |           0 |            1935 |          n/a | n/a                         | zcu102_i/optical_flow_1/inst/gradient_weight_y_U0/optical_flow_faddhbi_U77/ce_r_i_1_bufg_place/O     | zcu102_i/optical_flow_1/inst/gradient_weight_y_U0/optical_flow_faddhbi_U77/E[0]     |
| g6        | src6      | BUFGCE/O        | None       | BUFGCE_X0Y73  | X3Y3         | X3Y3 | n/a               |                 4 |           0 |            1075 |          n/a | n/a                         | zcu102_i/optical_flow_1/inst/gradient_weight_y_U0/optical_flow_fmulibs_U92/ce_r_reg_bufg_place/O     | zcu102_i/optical_flow_1/inst/gradient_weight_y_U0/optical_flow_fmulibs_U92/ce_r     |
| g7        | src7      | BUFGCE/O        | None       | BUFGCE_X0Y80  | X3Y3         | X3Y3 | n/a               |                 3 |           0 |            2258 |          n/a | n/a                         | zcu102_i/optical_flow_1/inst/gradient_xy_calc_U0/optical_flow_fdivbkb_U35/ce_r_reg_bufg_place/O      | zcu102_i/optical_flow_1/inst/gradient_xy_calc_U0/optical_flow_fdivbkb_U35/aclken    |
| g8        | src8      | BUFGCE/O        | None       | BUFGCE_X0Y24  | X3Y1         | X3Y1 | n/a               |                 4 |           0 |            1283 |          n/a | n/a                         | zcu102_i/optical_flow_1/inst/tensor_weight_x_U0/optical_flow_faddhbi_U220/ce_r_i_1__3_bufg_place/O   | zcu102_i/optical_flow_1/inst/tensor_weight_x_U0/optical_flow_faddhbi_U220/E[0]      |
| g9        | src9      | BUFGCE/O        | None       | BUFGCE_X0Y28  | X3Y1         | X3Y1 | n/a               |                 3 |           0 |            1291 |          n/a | n/a                         | zcu102_i/optical_flow_1/inst/tensor_weight_y_U0/optical_flow_faddhbi_U181/ce_r_i_1__1_bufg_place/O   | zcu102_i/optical_flow_1/inst/tensor_weight_y_U0/optical_flow_faddhbi_U181/p_13_in   |
| g10       | src10     | BUFG_PS/O       | None       | BUFG_PS_X0Y48 | X1Y2         | X3Y3 | n/a               |                 1 |           0 |               1 |       10.001 | clk_pl_0                    | zcu102_i/ps_e/inst/buffer_pl_clk_0.PL_CLK_0_BUFG/O                                                   | zcu102_i/ps_e/inst/pl_clk0                                                          |
+-----------+-----------+-----------------+------------+---------------+--------------+------+-------------------+-------------------+-------------+-----------------+--------------+-----------------------------+------------------------------------------------------------------------------------------------------+-------------------------------------------------------------------------------------+
* Clock Loads column represents the clock pin loads (pin count)
** Non-Clock Loads column represents the non-clock pin loads (pin count)


3. Global Clock Source Details
------------------------------

+-----------+-----------+--------------------+------------+---------------+--------------+-------------+-----------------+---------------------+-----------------------------+-------------------------------------------------------------------------------------------+------------------------------------------------------------------------------------------------+
| Source Id | Global Id | Driver Type/Pin    | Constraint | Site          | Clock Region | Clock Loads | Non-Clock Loads | Source Clock Period | Source Clock                | Driver Pin                                                                                | Net                                                                                            |
+-----------+-----------+--------------------+------------+---------------+--------------+-------------+-----------------+---------------------+-----------------------------+-------------------------------------------------------------------------------------------+------------------------------------------------------------------------------------------------+
| src0      | g0        | MMCME4_ADV/CLKOUT1 | None       | MMCM_X0Y3     | X3Y3         |           1 |               0 |              10.001 | clk_out2_zcu102_clk_wiz_0_0 | zcu102_i/clk_wiz_0/inst/mmcme4_adv_inst/CLKOUT1                                           | zcu102_i/clk_wiz_0/inst/clk_out2_zcu102_clk_wiz_0_0                                            |
| src1      | g1        | FDRE/Q             | None       | SLICE_X61Y1   | X2Y0         |           1 |             500 |                     |                             | zcu102_i/optical_flow_1/inst/Loop_FRAMES_CP_OUTER_U0/optical_flow_fdivbkb_U5/ce_r_reg/Q   | zcu102_i/optical_flow_1/inst/Loop_FRAMES_CP_OUTER_U0/optical_flow_fdivbkb_U5/aclken_bufg_place |
| src2      | g2        | FDRE/Q             | None       | SLICE_X68Y77  | X2Y1         |           1 |             461 |                     |                             | zcu102_i/optical_flow_1/inst/flow_calc_U0/optical_flow_fdivbkb_U251/ce_r_reg/Q            | zcu102_i/optical_flow_1/inst/flow_calc_U0/optical_flow_fdivbkb_U251/aclken_bufg_place          |
| src3      | g3        | LUT6/O             | None       | SLICE_X72Y121 | X2Y2         |           1 |              37 |                     |                             | zcu102_i/optical_flow_1/inst/gradient_weight_x_U0/optical_flow_faddhbi_U126/ce_r_i_1__0/O | zcu102_i/optical_flow_1/inst/gradient_weight_x_U0/optical_flow_faddhbi_U126/E[0]_bufg_place    |
| src4      | g4        | FDRE/Q             | None       | SLICE_X67Y125 | X2Y2         |           1 |             355 |                     |                             | zcu102_i/optical_flow_1/inst/gradient_weight_x_U0/optical_flow_fmulibs_U140/ce_r_reg/Q    | zcu102_i/optical_flow_1/inst/gradient_weight_x_U0/optical_flow_fmulibs_U140/ce_r_bufg_place    |
| src5      | g5        | LUT2/O             | None       | SLICE_X59Y162 | X2Y2         |           1 |              33 |                     |                             | zcu102_i/optical_flow_1/inst/gradient_weight_y_U0/optical_flow_faddhbi_U77/ce_r_i_1/O     | zcu102_i/optical_flow_1/inst/gradient_weight_y_U0/optical_flow_faddhbi_U77/E[0]_bufg_place     |
| src6      | g6        | FDRE/Q             | None       | SLICE_X54Y183 | X1Y3         |           1 |             355 |                     |                             | zcu102_i/optical_flow_1/inst/gradient_weight_y_U0/optical_flow_fmulibs_U92/ce_r_reg/Q     | zcu102_i/optical_flow_1/inst/gradient_weight_y_U0/optical_flow_fmulibs_U92/ce_r_bufg_place     |
| src7      | g7        | FDRE/Q             | None       | SLICE_X59Y219 | X2Y3         |           1 |             642 |                     |                             | zcu102_i/optical_flow_1/inst/gradient_xy_calc_U0/optical_flow_fdivbkb_U35/ce_r_reg/Q      | zcu102_i/optical_flow_1/inst/gradient_xy_calc_U0/optical_flow_fdivbkb_U35/aclken_bufg_place    |
| src8      | g8        | LUT2/O             | None       | SLICE_X80Y74  | X3Y1         |           1 |              30 |                     |                             | zcu102_i/optical_flow_1/inst/tensor_weight_x_U0/optical_flow_faddhbi_U220/ce_r_i_1__3/O   | zcu102_i/optical_flow_1/inst/tensor_weight_x_U0/optical_flow_faddhbi_U220/E[0]_bufg_place      |
| src9      | g9        | LUT6/O             | None       | SLICE_X77Y89  | X3Y1         |           1 |              38 |                     |                             | zcu102_i/optical_flow_1/inst/tensor_weight_y_U0/optical_flow_faddhbi_U181/ce_r_i_1__1/O   | zcu102_i/optical_flow_1/inst/tensor_weight_y_U0/optical_flow_faddhbi_U181/p_13_in_bufg_place   |
| src10     | g10       | PS8/PLCLK[0]       | None       | PS8_X0Y0      | X0Y0         |           1 |               0 |              10.001 | clk_pl_0                    | zcu102_i/ps_e/inst/PS8_i/PLCLK[0]                                                         | zcu102_i/ps_e/inst/pl_clk_unbuffered[0]                                                        |
+-----------+-----------+--------------------+------------+---------------+--------------+-------------+-----------------+---------------------+-----------------------------+-------------------------------------------------------------------------------------------+------------------------------------------------------------------------------------------------+
* Clock Loads column represents the clock pin loads (pin count)
** Non-Clock Loads column represents the non-clock pin loads (pin count)


4. Clock Regions : Clock Primitives
-----------------------------------

+-------------------+--------------+--------------+--------------+--------------+--------------+--------------+--------------+
|                   | Global Clock |    BUFGCE    |  BUFGCE_DIV  |   BUFGCTRL   |    BUFG_GT   |     MMCM     |      PLL     |
+-------------------+------+-------+------+-------+------+-------+------+-------+------+-------+------+-------+------+-------+
| Clock Region Name | Used | Avail | Used | Avail | Used | Avail | Used | Avail | Used | Avail | Used | Avail | Used | Avail |
+-------------------+------+-------+------+-------+------+-------+------+-------+------+-------+------+-------+------+-------+
| X0Y0              |   1* |     0 |    0 |     0 |    0 |     0 |    0 |     0 |    0 |     0 |    0 |     0 |    0 |     0 |
| X1Y0              |    2 |    24 |    0 |     0 |    0 |     0 |    0 |     0 |    0 |     0 |    0 |     0 |    0 |     0 |
| X2Y0              |    4 |    24 |    0 |     0 |    0 |     0 |    0 |     0 |    0 |     0 |    0 |     0 |    0 |     0 |
| X3Y0              |    4 |    24 |    1 |    28 |    0 |     4 |    0 |     8 |    0 |     0 |    0 |     1 |    0 |     2 |
| X0Y1              |    0 |     0 |    0 |     0 |    0 |     0 |    0 |     0 |    0 |     0 |    0 |     0 |    0 |     0 |
| X1Y1              |    3 |    24 |    0 |     0 |    0 |     0 |    0 |     0 |    0 |     0 |    0 |     0 |    0 |     0 |
| X2Y1              |    6 |    24 |    0 |     0 |    0 |     0 |    0 |     0 |    0 |     0 |    0 |     0 |    0 |     0 |
| X3Y1              |    6 |    24 |    3 |    24 |    0 |     4 |    0 |     8 |    0 |     0 |    0 |     1 |    0 |     2 |
| X0Y2              |    0 |     0 |    0 |     0 |    0 |     0 |    0 |     0 |    0 |     0 |    0 |     0 |    0 |     0 |
| X1Y2              |    7 |    24 |    0 |     0 |    0 |     0 |    0 |     0 |    0 |     0 |    0 |     0 |    0 |     0 |
| X2Y2              |    7 |    24 |    0 |     0 |    0 |     0 |    0 |     0 |    0 |     0 |    0 |     0 |    0 |     0 |
| X3Y2              |    8 |    24 |    2 |    24 |    0 |     4 |    0 |     8 |    0 |     0 |    0 |     1 |    0 |     2 |
| X0Y3              |    1 |    24 |    0 |     0 |    0 |     0 |    0 |     0 |    0 |    24 |    0 |     0 |    0 |     0 |
| X1Y3              |    4 |    24 |    0 |     0 |    0 |     0 |    0 |     0 |    0 |     0 |    0 |     0 |    0 |     0 |
| X2Y3              |    4 |    24 |    0 |     0 |    0 |     0 |    0 |     0 |    0 |     0 |    0 |     0 |    0 |     0 |
| X3Y3              |    5 |    24 |    4 |    28 |    0 |     4 |    0 |     8 |    0 |     0 |    1 |     1 |    0 |     2 |
| X0Y4              |    0 |    24 |    0 |     0 |    0 |     0 |    0 |     0 |    0 |    24 |    0 |     0 |    0 |     0 |
| X1Y4              |    2 |    24 |    0 |     0 |    0 |     0 |    0 |     0 |    0 |     0 |    0 |     0 |    0 |     0 |
| X2Y4              |    1 |    24 |    0 |     0 |    0 |     0 |    0 |     0 |    0 |     0 |    0 |     0 |    0 |     0 |
| X3Y4              |    1 |    24 |    0 |     4 |    0 |     0 |    0 |     0 |    0 |    24 |    0 |     0 |    0 |     0 |
| X0Y5              |    0 |    24 |    0 |     0 |    0 |     0 |    0 |     0 |    0 |    24 |    0 |     0 |    0 |     0 |
| X1Y5              |    0 |    24 |    0 |     0 |    0 |     0 |    0 |     0 |    0 |     0 |    0 |     0 |    0 |     0 |
| X2Y5              |    0 |    24 |    0 |     0 |    0 |     0 |    0 |     0 |    0 |     0 |    0 |     0 |    0 |     0 |
| X3Y5              |    0 |    24 |    0 |     4 |    0 |     0 |    0 |     0 |    0 |    24 |    0 |     0 |    0 |     0 |
| X0Y6              |    0 |    24 |    0 |     0 |    0 |     0 |    0 |     0 |    0 |    24 |    0 |     0 |    0 |     0 |
| X1Y6              |    0 |    24 |    0 |     0 |    0 |     0 |    0 |     0 |    0 |     0 |    0 |     0 |    0 |     0 |
| X2Y6              |    0 |    24 |    0 |     0 |    0 |     0 |    0 |     0 |    0 |     0 |    0 |     0 |    0 |     0 |
| X3Y6              |    0 |    24 |    0 |     4 |    0 |     0 |    0 |     0 |    0 |    24 |    0 |     0 |    0 |     0 |
+-------------------+------+-------+------+-------+------+-------+------+-------+------+-------+------+-------+------+-------+
* Global Clock column represents track count; while other columns represents cell counts


5. Clock Regions : Load Primitives
----------------------------------

+-------------------+------------------+------------------+------------------+------------------+------------------+------------------+------------------+
|                   |   Global Clock   |        FF        |      LUTRAM      |  Block RAM (18K) |        DSP       |        GT        |      HARD IP     |
+-------------------+--------+---------+--------+---------+--------+---------+--------+---------+--------+---------+--------+---------+--------+---------+
| Clock Region Name | Used   | Avail   | Used   | Avail   | Used   | Avail   | Used   | Avail   | Used   | Avail   | Used   | Avail   | Used   | Avail   |
+-------------------+--------+---------+--------+---------+--------+---------+--------+---------+--------+---------+--------+---------+--------+---------+
| X0Y0              |     1* |       0 |      0 |       0 |      0 |       0 |      0 |       0 |      0 |       0 |      0 |       0 |      0 |       0 |
| X1Y0              |      2 |      24 |   7537 |   19200 |    174 |    5280 |     21 |      48 |      1 |     120 |      0 |       0 |      0 |       0 |
| X2Y0              |      4 |      24 |   6004 |   20160 |    156 |    5280 |      8 |      72 |     61 |      96 |      0 |       0 |      0 |       0 |
| X3Y0              |      4 |      24 |   3598 |   19200 |    240 |    4800 |      0 |      72 |     20 |      48 |      0 |       0 |      0 |       0 |
| X0Y1              |      0 |       0 |      0 |       0 |      0 |       0 |      0 |       0 |      0 |       0 |      0 |       0 |      0 |       0 |
| X1Y1              |      3 |      24 |   7546 |   19200 |    181 |    5280 |     18 |      48 |     28 |     120 |      0 |       0 |      0 |       0 |
| X2Y1              |      6 |      24 |   6824 |   20160 |    271 |    5280 |      8 |      72 |     82 |      96 |      0 |       0 |      0 |       0 |
| X3Y1              |      6 |      24 |   5189 |   19200 |    104 |    4800 |     22 |      72 |     42 |      48 |      0 |       0 |      0 |       0 |
| X0Y2              |      0 |       0 |      0 |       0 |      0 |       0 |      0 |       0 |      0 |       0 |      0 |       0 |      0 |       0 |
| X1Y2              |      7 |      24 |   6230 |   19200 |    147 |    5280 |     18 |      48 |     47 |     120 |      0 |       0 |      0 |       0 |
| X2Y2              |      7 |      24 |   6925 |   20160 |    574 |    5280 |     24 |      72 |     76 |      96 |      0 |       0 |      0 |       0 |
| X3Y2              |      8 |      24 |   4520 |   19200 |    144 |    4800 |      4 |      72 |     40 |      48 |      0 |       0 |      0 |       0 |
| X0Y3              |      1 |      24 |    256 |   27840 |      0 |    7200 |      0 |      96 |      0 |     144 |      0 |       4 |      0 |       0 |
| X1Y3              |      4 |      24 |   3954 |   25920 |    166 |    7200 |      8 |      72 |     36 |     144 |      0 |       0 |      0 |       0 |
| X2Y3              |      4 |      24 |   1748 |   20160 |     62 |    5280 |      0 |      72 |     14 |      96 |      0 |       0 |      0 |       0 |
| X3Y3              |      5 |      24 |    636 |   19200 |      0 |    4800 |      0 |      72 |      4 |      48 |      0 |       0 |      0 |       0 |
| X0Y4              |      0 |      24 |      0 |   27840 |      0 |    7200 |      0 |      96 |      0 |     144 |      0 |       4 |      0 |       0 |
| X1Y4              |      2 |      24 |    332 |   25920 |      0 |    7200 |      0 |      72 |      3 |     144 |      0 |       0 |      0 |       0 |
| X2Y4              |      1 |      24 |      0 |   20160 |      0 |    5280 |      0 |      72 |      0 |      96 |      0 |       0 |      0 |       0 |
| X3Y4              |      1 |      24 |      0 |   19200 |      0 |    4800 |      0 |      72 |      0 |      48 |      0 |       4 |      0 |       0 |
| X0Y5              |      0 |      24 |      0 |   27840 |      0 |    7200 |      0 |      96 |      0 |     144 |      0 |       4 |      0 |       0 |
| X1Y5              |      0 |      24 |      0 |   25920 |      0 |    7200 |      0 |      72 |      0 |     144 |      0 |       0 |      0 |       0 |
| X2Y5              |      0 |      24 |      0 |   20160 |      0 |    5280 |      0 |      72 |      0 |      96 |      0 |       0 |      0 |       0 |
| X3Y5              |      0 |      24 |      0 |   19200 |      0 |    4800 |      0 |      72 |      0 |      48 |      0 |       4 |      0 |       0 |
| X0Y6              |      0 |      24 |      0 |   27840 |      0 |    7200 |      0 |      96 |      0 |     144 |      0 |       4 |      0 |       0 |
| X1Y6              |      0 |      24 |      0 |   25920 |      0 |    7200 |      0 |      72 |      0 |     144 |      0 |       0 |      0 |       0 |
| X2Y6              |      0 |      24 |      0 |   20160 |      0 |    5280 |      0 |      72 |      0 |      96 |      0 |       0 |      0 |       0 |
| X3Y6              |      0 |      24 |      0 |   19200 |      0 |    4800 |      0 |      72 |      0 |      48 |      0 |       4 |      0 |       0 |
+-------------------+--------+---------+--------+---------+--------+---------+--------+---------+--------+---------+--------+---------+--------+---------+
* Global Clock column represents track count; while other columns represents cell counts


6. Clock Regions : Global Clock Summary
---------------------------------------

All Modules
+----+----+----+----+----+
|    | X0 | X1 | X2 | X3 |
+----+----+----+----+----+
| Y6 |  0 |  0 |  0 |  0 |
| Y5 |  0 |  0 |  0 |  0 |
| Y4 |  0 |  2 |  1 |  1 |
| Y3 |  1 |  4 |  4 |  5 |
| Y2 |  0 |  6 |  6 |  7 |
| Y1 |  0 |  3 |  6 |  6 |
| Y0 |  0 |  2 |  4 |  4 |
+----+----+----+----+----+


7. Clock Regions : Routing Resource Utilization
-----------------------------------------------

All Modules
+-------------------+----------------------+----------------------+----------------------+----------------------+
|                   |        HROUTES       |        HDISTRS       |        VROUTES       |        VDISTRS       |
+-------------------+------+-------+-------+------+-------+-------+------+-------+-------+------+-------+-------+
| Clock Region Name | Used | Avail | Util% | Used | Avail | Util% | Used | Avail | Util% | Used | Avail | Util% |
+-------------------+------+-------+-------+------+-------+-------+------+-------+-------+------+-------+-------+
| X0Y0              |    0 |     0 |  0.00 |    0 |     0 |  0.00 |    0 |     0 |  0.00 |    0 |     0 |  0.00 |
| X1Y0              |    0 |    24 |  0.00 |    2 |    24 |  8.33 |    0 |    24 |  0.00 |    1 |    24 |  4.17 |
| X2Y0              |    0 |    24 |  0.00 |    4 |    24 | 16.67 |    0 |    24 |  0.00 |    0 |    24 |  0.00 |
| X3Y0              |    0 |    24 |  0.00 |    4 |    24 | 16.67 |    0 |    24 |  0.00 |    3 |    24 | 12.50 |
| X0Y1              |    0 |     0 |  0.00 |    0 |     0 |  0.00 |    0 |     0 |  0.00 |    0 |     0 |  0.00 |
| X1Y1              |    0 |    24 |  0.00 |    3 |    24 | 12.50 |    0 |    24 |  0.00 |    1 |    24 |  4.17 |
| X2Y1              |    0 |    24 |  0.00 |    6 |    24 | 25.00 |    0 |    24 |  0.00 |    0 |    24 |  0.00 |
| X3Y1              |    0 |    24 |  0.00 |    6 |    24 | 25.00 |    0 |    24 |  0.00 |    5 |    24 | 20.83 |
| X0Y2              |    0 |     0 |  0.00 |    0 |     0 |  0.00 |    0 |     0 |  0.00 |    0 |     0 |  0.00 |
| X1Y2              |    1 |    24 |  4.17 |    6 |    24 | 25.00 |    1 |    24 |  4.17 |    1 |    24 |  4.17 |
| X2Y2              |    1 |    24 |  4.17 |    6 |    24 | 25.00 |    0 |    24 |  0.00 |    0 |    24 |  0.00 |
| X3Y2              |    1 |    24 |  4.17 |    7 |    24 | 29.17 |    0 |    24 |  0.00 |    3 |    24 | 12.50 |
| X0Y3              |    0 |    24 |  0.00 |    1 |    24 |  4.17 |    0 |    24 |  0.00 |    0 |    24 |  0.00 |
| X1Y3              |    1 |    24 |  4.17 |    4 |    24 | 16.67 |    1 |    24 |  4.17 |    1 |    24 |  4.17 |
| X2Y3              |    1 |    24 |  4.17 |    4 |    24 | 16.67 |    0 |    24 |  0.00 |    0 |    24 |  0.00 |
| X3Y3              |    2 |    24 |  8.33 |    5 |    24 | 20.83 |    1 |    24 |  4.17 |    4 |    24 | 16.67 |
| X0Y4              |    0 |    24 |  0.00 |    0 |    24 |  0.00 |    0 |    24 |  0.00 |    0 |    24 |  0.00 |
| X1Y4              |    0 |    24 |  0.00 |    2 |    24 |  8.33 |    0 |    24 |  0.00 |    0 |    24 |  0.00 |
| X2Y4              |    0 |    24 |  0.00 |    1 |    24 |  4.17 |    0 |    24 |  0.00 |    0 |    24 |  0.00 |
| X3Y4              |    0 |    24 |  0.00 |    1 |    24 |  4.17 |    0 |    24 |  0.00 |    0 |    24 |  0.00 |
| X0Y5              |    0 |    24 |  0.00 |    0 |    24 |  0.00 |    0 |    24 |  0.00 |    0 |    24 |  0.00 |
| X1Y5              |    0 |    24 |  0.00 |    0 |    24 |  0.00 |    0 |    24 |  0.00 |    0 |    24 |  0.00 |
| X2Y5              |    0 |    24 |  0.00 |    0 |    24 |  0.00 |    0 |    24 |  0.00 |    0 |    24 |  0.00 |
| X3Y5              |    0 |    24 |  0.00 |    0 |    24 |  0.00 |    0 |    24 |  0.00 |    0 |    24 |  0.00 |
| X0Y6              |    0 |    24 |  0.00 |    0 |    24 |  0.00 |    0 |    24 |  0.00 |    0 |    24 |  0.00 |
| X1Y6              |    0 |    24 |  0.00 |    0 |    24 |  0.00 |    0 |    24 |  0.00 |    0 |    24 |  0.00 |
| X2Y6              |    0 |    24 |  0.00 |    0 |    24 |  0.00 |    0 |    24 |  0.00 |    0 |    24 |  0.00 |
| X3Y6              |    0 |    24 |  0.00 |    0 |    24 |  0.00 |    0 |    24 |  0.00 |    0 |    24 |  0.00 |
+-------------------+------+-------+-------+------+-------+-------+------+-------+-------+------+-------+-------+


8. Device Cell Placement Summary for Global Clock g0
----------------------------------------------------

+-----------+-----------------+-------------------+-----------------------------+-------------+---------------+----------+-------------+----------+----------------+----------+----------------------------------+
| Global Id | Driver Type/Pin | Driver Region (D) | Clock                       | Period (ns) | Waveform (ns) | Root (R) | Slice Loads | IO Loads | Clocking Loads | GT Loads | Net                              |
+-----------+-----------------+-------------------+-----------------------------+-------------+---------------+----------+-------------+----------+----------------+----------+----------------------------------+
| g0        | BUFGCE/O        | X3Y3              | clk_out2_zcu102_clk_wiz_0_0 |      10.001 | {0.000 5.001} | X1Y2     |       64048 |        0 |              0 |        0 | zcu102_i/clk_wiz_0/inst/clk_out2 |
+-----------+-----------------+-------------------+-----------------------------+-------------+---------------+----------+-------------+----------+----------------+----------+----------------------------------+
* Logic Loads column represents load cell count of all cell types other than IO, GT and clock resources
** IO Loads column represents load cell count of IO types
*** Clocking Loads column represents load cell count that are clock resources (global clock buffer, MMCM, PLL, etc)
**** GT Loads column represents load cell count of GT types


+----+------+----------+-------+----------+
|    | X0   | X1       | X2    | X3       |
+----+------+----------+-------+----------+
| Y6 |    0 |        0 |     0 |        0 |
| Y5 |    0 |        0 |     0 |        0 |
| Y4 |    0 |      335 |     0 |        0 |
| Y3 |  256 |     4160 |  1824 |  (D) 640 |
| Y2 |    0 | (R) 6435 |  7587 |     4706 |
| Y1 |    0 |     7765 |  7181 |     5347 |
| Y0 |    1 |     7727 |  6226 |     3858 |
+----+------+----------+-------+----------+


9. Device Cell Placement Summary for Global Clock g1
----------------------------------------------------

+-----------+-----------------+-------------------+-------+-------------+---------------+----------+-------------+----------+----------------+----------+-------------------------------------------------------------------------------------+
| Global Id | Driver Type/Pin | Driver Region (D) | Clock | Period (ns) | Waveform (ns) | Root (R) | Slice Loads | IO Loads | Clocking Loads | GT Loads | Net                                                                                 |
+-----------+-----------------+-------------------+-------+-------------+---------------+----------+-------------+----------+----------------+----------+-------------------------------------------------------------------------------------+
| g1        | BUFGCE/O        | X3Y0              |       |             |               | X3Y0     |        1650 |        0 |              0 |        0 | zcu102_i/optical_flow_1/inst/Loop_FRAMES_CP_OUTER_U0/optical_flow_fdivbkb_U5/aclken |
+-----------+-----------------+-------------------+-------+-------------+---------------+----------+-------------+----------+----------------+----------+-------------------------------------------------------------------------------------+
* Logic Loads column represents load cell count of all cell types other than IO, GT and clock resources
** IO Loads column represents load cell count of IO types
*** Clocking Loads column represents load cell count that are clock resources (global clock buffer, MMCM, PLL, etc)
**** GT Loads column represents load cell count of GT types


+----+----+------+-------+-----------+
|    | X0 | X1   | X2    | X3        |
+----+----+------+-------+-----------+
| Y6 |  0 |    0 |     0 |         0 |
| Y5 |  0 |    0 |     0 |         0 |
| Y4 |  0 |    0 |     0 |         0 |
| Y3 |  0 |    0 |     0 |         0 |
| Y2 |  0 |   84 |   159 |         0 |
| Y1 |  0 |    0 |    90 |         0 |
| Y0 |  0 |  239 |  1078 | (R) (D) 0 |
+----+----+------+-------+-----------+


10. Device Cell Placement Summary for Global Clock g2
-----------------------------------------------------

+-----------+-----------------+-------------------+-------+-------------+---------------+----------+-------------+----------+----------------+----------+----------------------------------------------------------------------------+
| Global Id | Driver Type/Pin | Driver Region (D) | Clock | Period (ns) | Waveform (ns) | Root (R) | Slice Loads | IO Loads | Clocking Loads | GT Loads | Net                                                                        |
+-----------+-----------------+-------------------+-------+-------------+---------------+----------+-------------+----------+----------------+----------+----------------------------------------------------------------------------+
| g2        | BUFGCE/O        | X3Y1              |       |             |               | X3Y1     |        1553 |        0 |              0 |        0 | zcu102_i/optical_flow_1/inst/flow_calc_U0/optical_flow_fdivbkb_U251/aclken |
+-----------+-----------------+-------------------+-------+-------------+---------------+----------+-------------+----------+----------------+----------+----------------------------------------------------------------------------+
* Logic Loads column represents load cell count of all cell types other than IO, GT and clock resources
** IO Loads column represents load cell count of IO types
*** Clocking Loads column represents load cell count that are clock resources (global clock buffer, MMCM, PLL, etc)
**** GT Loads column represents load cell count of GT types


+----+----+------+------+-----------+
|    | X0 | X1   | X2   | X3        |
+----+----+------+------+-----------+
| Y6 |  0 |    0 |    0 |         0 |
| Y5 |  0 |    0 |    0 |         0 |
| Y4 |  0 |    0 |    0 |         0 |
| Y3 |  0 |    0 |    0 |         0 |
| Y2 |  0 |    0 |    0 |         0 |
| Y1 |  0 |  312 |  877 | (R) (D) 0 |
| Y0 |  0 |    0 |  364 |         0 |
+----+----+------+------+-----------+


11. Device Cell Placement Summary for Global Clock g3
-----------------------------------------------------

+-----------+-----------------+-------------------+-------+-------------+---------------+----------+-------------+----------+----------------+----------+----------------------------------------------------------------------------------+
| Global Id | Driver Type/Pin | Driver Region (D) | Clock | Period (ns) | Waveform (ns) | Root (R) | Slice Loads | IO Loads | Clocking Loads | GT Loads | Net                                                                              |
+-----------+-----------------+-------------------+-------+-------------+---------------+----------+-------------+----------+----------------+----------+----------------------------------------------------------------------------------+
| g3        | BUFGCE/O        | X3Y2              |       |             |               | X3Y2     |        2307 |        0 |              0 |        0 | zcu102_i/optical_flow_1/inst/gradient_weight_x_U0/optical_flow_faddhbi_U126/E[0] |
+-----------+-----------------+-------------------+-------+-------------+---------------+----------+-------------+----------+----------------+----------+----------------------------------------------------------------------------------+
* Logic Loads column represents load cell count of all cell types other than IO, GT and clock resources
** IO Loads column represents load cell count of IO types
*** Clocking Loads column represents load cell count that are clock resources (global clock buffer, MMCM, PLL, etc)
**** GT Loads column represents load cell count of GT types


+----+----+------+------+-------------+
|    | X0 | X1   | X2   | X3          |
+----+----+------+------+-------------+
| Y6 |  0 |    0 |    0 |           0 |
| Y5 |  0 |    0 |    0 |           0 |
| Y4 |  0 |    0 |    0 |           0 |
| Y3 |  0 |    0 |    0 |           0 |
| Y2 |  0 |   96 |  950 | (R) (D) 493 |
| Y1 |  0 |  145 |  623 |           0 |
| Y0 |  0 |    0 |    0 |           0 |
+----+----+------+------+-------------+


12. Device Cell Placement Summary for Global Clock g4
-----------------------------------------------------

+-----------+-----------------+-------------------+-------+-------------+---------------+----------+-------------+----------+----------------+----------+----------------------------------------------------------------------------------+
| Global Id | Driver Type/Pin | Driver Region (D) | Clock | Period (ns) | Waveform (ns) | Root (R) | Slice Loads | IO Loads | Clocking Loads | GT Loads | Net                                                                              |
+-----------+-----------------+-------------------+-------+-------------+---------------+----------+-------------+----------+----------------+----------+----------------------------------------------------------------------------------+
| g4        | BUFGCE/O        | X3Y2              |       |             |               | X3Y2     |        1075 |        0 |              0 |        0 | zcu102_i/optical_flow_1/inst/gradient_weight_x_U0/optical_flow_fmulibs_U140/ce_r |
+-----------+-----------------+-------------------+-------+-------------+---------------+----------+-------------+----------+----------------+----------+----------------------------------------------------------------------------------+
* Logic Loads column represents load cell count of all cell types other than IO, GT and clock resources
** IO Loads column represents load cell count of IO types
*** Clocking Loads column represents load cell count that are clock resources (global clock buffer, MMCM, PLL, etc)
**** GT Loads column represents load cell count of GT types


+----+----+------+------+------------+
|    | X0 | X1   | X2   | X3         |
+----+----+------+------+------------+
| Y6 |  0 |    0 |    0 |          0 |
| Y5 |  0 |    0 |    0 |          0 |
| Y4 |  0 |    0 |    0 |          0 |
| Y3 |  0 |    0 |    0 |          0 |
| Y2 |  0 |  386 |  640 | (R) (D) 49 |
| Y1 |  0 |    0 |    0 |          0 |
| Y0 |  0 |    0 |    0 |          0 |
+----+----+------+------+------------+


13. Device Cell Placement Summary for Global Clock g5
-----------------------------------------------------

+-----------+-----------------+-------------------+-------+-------------+---------------+----------+-------------+----------+----------------+----------+---------------------------------------------------------------------------------+
| Global Id | Driver Type/Pin | Driver Region (D) | Clock | Period (ns) | Waveform (ns) | Root (R) | Slice Loads | IO Loads | Clocking Loads | GT Loads | Net                                                                             |
+-----------+-----------------+-------------------+-------+-------------+---------------+----------+-------------+----------+----------------+----------+---------------------------------------------------------------------------------+
| g5        | BUFGCE/O        | X3Y3              |       |             |               | X3Y3     |        1935 |        0 |              0 |        0 | zcu102_i/optical_flow_1/inst/gradient_weight_y_U0/optical_flow_faddhbi_U77/E[0] |
+-----------+-----------------+-------------------+-------+-------------+---------------+----------+-------------+----------+----------------+----------+---------------------------------------------------------------------------------+
* Logic Loads column represents load cell count of all cell types other than IO, GT and clock resources
** IO Loads column represents load cell count of IO types
*** Clocking Loads column represents load cell count that are clock resources (global clock buffer, MMCM, PLL, etc)
**** GT Loads column represents load cell count of GT types


+----+----+------+------+-------------+
|    | X0 | X1   | X2   | X3          |
+----+----+------+------+-------------+
| Y6 |  0 |    0 |    0 |           0 |
| Y5 |  0 |    0 |    0 |           0 |
| Y4 |  0 |    0 |    0 |           0 |
| Y3 |  0 |   33 |  243 | (R) (D) 117 |
| Y2 |  0 |  521 |  654 |         367 |
| Y1 |  0 |    0 |    0 |           0 |
| Y0 |  0 |    0 |    0 |           0 |
+----+----+------+------+-------------+


14. Device Cell Placement Summary for Global Clock g6
-----------------------------------------------------

+-----------+-----------------+-------------------+-------+-------------+---------------+----------+-------------+----------+----------------+----------+---------------------------------------------------------------------------------+
| Global Id | Driver Type/Pin | Driver Region (D) | Clock | Period (ns) | Waveform (ns) | Root (R) | Slice Loads | IO Loads | Clocking Loads | GT Loads | Net                                                                             |
+-----------+-----------------+-------------------+-------+-------------+---------------+----------+-------------+----------+----------------+----------+---------------------------------------------------------------------------------+
| g6        | BUFGCE/O        | X3Y3              |       |             |               | X3Y3     |        1075 |        0 |              0 |        0 | zcu102_i/optical_flow_1/inst/gradient_weight_y_U0/optical_flow_fmulibs_U92/ce_r |
+-----------+-----------------+-------------------+-------+-------------+---------------+----------+-------------+----------+----------------+----------+---------------------------------------------------------------------------------+
* Logic Loads column represents load cell count of all cell types other than IO, GT and clock resources
** IO Loads column represents load cell count of IO types
*** Clocking Loads column represents load cell count that are clock resources (global clock buffer, MMCM, PLL, etc)
**** GT Loads column represents load cell count of GT types


+----+----+------+------+-----------+
|    | X0 | X1   | X2   | X3        |
+----+----+------+------+-----------+
| Y6 |  0 |    0 |    0 |         0 |
| Y5 |  0 |    0 |    0 |         0 |
| Y4 |  0 |    0 |    0 |         0 |
| Y3 |  0 |   96 |   41 | (R) (D) 0 |
| Y2 |  0 |  503 |  435 |         0 |
| Y1 |  0 |    0 |    0 |         0 |
| Y0 |  0 |    0 |    0 |         0 |
+----+----+------+------+-----------+


15. Device Cell Placement Summary for Global Clock g7
-----------------------------------------------------

+-----------+-----------------+-------------------+-------+-------------+---------------+----------+-------------+----------+----------------+----------+----------------------------------------------------------------------------------+
| Global Id | Driver Type/Pin | Driver Region (D) | Clock | Period (ns) | Waveform (ns) | Root (R) | Slice Loads | IO Loads | Clocking Loads | GT Loads | Net                                                                              |
+-----------+-----------------+-------------------+-------+-------------+---------------+----------+-------------+----------+----------------+----------+----------------------------------------------------------------------------------+
| g7        | BUFGCE/O        | X3Y3              |       |             |               | X3Y3     |        2258 |        0 |              0 |        0 | zcu102_i/optical_flow_1/inst/gradient_xy_calc_U0/optical_flow_fdivbkb_U35/aclken |
+-----------+-----------------+-------------------+-------+-------------+---------------+----------+-------------+----------+----------------+----------+----------------------------------------------------------------------------------+
* Logic Loads column represents load cell count of all cell types other than IO, GT and clock resources
** IO Loads column represents load cell count of IO types
*** Clocking Loads column represents load cell count that are clock resources (global clock buffer, MMCM, PLL, etc)
**** GT Loads column represents load cell count of GT types


+----+----+-------+------+-----------+
|    | X0 | X1    | X2   | X3        |
+----+----+-------+------+-----------+
| Y6 |  0 |     0 |    0 |         0 |
| Y5 |  0 |     0 |    0 |         0 |
| Y4 |  0 |   203 |    0 |         0 |
| Y3 |  0 |  1575 |  480 | (R) (D) 0 |
| Y2 |  0 |     0 |    0 |         0 |
| Y1 |  0 |     0 |    0 |         0 |
| Y0 |  0 |     0 |    0 |         0 |
+----+----+-------+------+-----------+


16. Device Cell Placement Summary for Global Clock g8
-----------------------------------------------------

+-----------+-----------------+-------------------+-------+-------------+---------------+----------+-------------+----------+----------------+----------+--------------------------------------------------------------------------------+
| Global Id | Driver Type/Pin | Driver Region (D) | Clock | Period (ns) | Waveform (ns) | Root (R) | Slice Loads | IO Loads | Clocking Loads | GT Loads | Net                                                                            |
+-----------+-----------------+-------------------+-------+-------------+---------------+----------+-------------+----------+----------------+----------+--------------------------------------------------------------------------------+
| g8        | BUFGCE/O        | X3Y1              |       |             |               | X3Y1     |        1283 |        0 |              0 |        0 | zcu102_i/optical_flow_1/inst/tensor_weight_x_U0/optical_flow_faddhbi_U220/E[0] |
+-----------+-----------------+-------------------+-------+-------------+---------------+----------+-------------+----------+----------------+----------+--------------------------------------------------------------------------------+
* Logic Loads column represents load cell count of all cell types other than IO, GT and clock resources
** IO Loads column represents load cell count of IO types
*** Clocking Loads column represents load cell count that are clock resources (global clock buffer, MMCM, PLL, etc)
**** GT Loads column represents load cell count of GT types


+----+----+----+------+-------------+
|    | X0 | X1 | X2   | X3          |
+----+----+----+------+-------------+
| Y6 |  0 |  0 |    0 |           0 |
| Y5 |  0 |  0 |    0 |           0 |
| Y4 |  0 |  0 |    0 |           0 |
| Y3 |  0 |  0 |    0 |           0 |
| Y2 |  0 |  0 |    0 |           0 |
| Y1 |  0 |  0 |   23 | (R) (D) 241 |
| Y0 |  0 |  0 |  133 |         886 |
+----+----+----+------+-------------+


17. Device Cell Placement Summary for Global Clock g9
-----------------------------------------------------

+-----------+-----------------+-------------------+-------+-------------+---------------+----------+-------------+----------+----------------+----------+-----------------------------------------------------------------------------------+
| Global Id | Driver Type/Pin | Driver Region (D) | Clock | Period (ns) | Waveform (ns) | Root (R) | Slice Loads | IO Loads | Clocking Loads | GT Loads | Net                                                                               |
+-----------+-----------------+-------------------+-------+-------------+---------------+----------+-------------+----------+----------------+----------+-----------------------------------------------------------------------------------+
| g9        | BUFGCE/O        | X3Y1              |       |             |               | X3Y1     |        1291 |        0 |              0 |        0 | zcu102_i/optical_flow_1/inst/tensor_weight_y_U0/optical_flow_faddhbi_U181/p_13_in |
+-----------+-----------------+-------------------+-------+-------------+---------------+----------+-------------+----------+----------------+----------+-----------------------------------------------------------------------------------+
* Logic Loads column represents load cell count of all cell types other than IO, GT and clock resources
** IO Loads column represents load cell count of IO types
*** Clocking Loads column represents load cell count that are clock resources (global clock buffer, MMCM, PLL, etc)
**** GT Loads column represents load cell count of GT types


+----+----+----+------+-------------+
|    | X0 | X1 | X2   | X3          |
+----+----+----+------+-------------+
| Y6 |  0 |  0 |    0 |           0 |
| Y5 |  0 |  0 |    0 |           0 |
| Y4 |  0 |  0 |    0 |           0 |
| Y3 |  0 |  0 |    0 |           0 |
| Y2 |  0 |  0 |    0 |          99 |
| Y1 |  0 |  0 |  299 | (R) (D) 893 |
| Y0 |  0 |  0 |    0 |           0 |
+----+----+----+------+-------------+


18. Device Cell Placement Summary for Global Clock g10
------------------------------------------------------

+-----------+-----------------+-------------------+----------+-------------+---------------+----------+-------------+----------+----------------+----------+----------------------------+
| Global Id | Driver Type/Pin | Driver Region (D) | Clock    | Period (ns) | Waveform (ns) | Root (R) | Slice Loads | IO Loads | Clocking Loads | GT Loads | Net                        |
+-----------+-----------------+-------------------+----------+-------------+---------------+----------+-------------+----------+----------------+----------+----------------------------+
| g10       | BUFG_PS/O       | X1Y2              | clk_pl_0 |      10.001 | {0.000 5.001} | X3Y3     |           0 |        0 |              1 |        0 | zcu102_i/ps_e/inst/pl_clk0 |
+-----------+-----------------+-------------------+----------+-------------+---------------+----------+-------------+----------+----------------+----------+----------------------------+
* Logic Loads column represents load cell count of all cell types other than IO, GT and clock resources
** IO Loads column represents load cell count of IO types
*** Clocking Loads column represents load cell count that are clock resources (global clock buffer, MMCM, PLL, etc)
**** GT Loads column represents load cell count of GT types


+----+----+--------+----+-------+
|    | X0 | X1     | X2 | X3    |
+----+----+--------+----+-------+
| Y6 |  0 |      0 |  0 |     0 |
| Y5 |  0 |      0 |  0 |     0 |
| Y4 |  0 |      0 |  0 |     0 |
| Y3 |  0 |      0 |  0 | (R) 1 |
| Y2 |  0 |  (D) 0 |  0 |     0 |
| Y1 |  0 |      0 |  0 |     0 |
| Y0 |  0 |      0 |  0 |     0 |
+----+----+--------+----+-------+


19. Clock Region Cell Placement per Global Clock: Region X1Y0
-------------------------------------------------------------

+-----------+-------+-----------------+------------+-------------+-----------------+------+--------+------+-----+----+------+-----+---------+-------------------------------------------------------------------------------------+
| Global Id | Track | Driver Type/Pin | Constraint | Clock Loads | Non-Clock Loads | FF   | LUTRAM | RAMB | DSP | GT | MMCM | PLL | Hard IP | Net                                                                                 |
+-----------+-------+-----------------+------------+-------------+-----------------+------+--------+------+-----+----+------+-----+---------+-------------------------------------------------------------------------------------+
| g0        | 2     | BUFGCE/O        | None       |        7727 |               0 | 7537 |    174 |   15 |   1 |  0 |    0 |   0 |       0 | zcu102_i/clk_wiz_0/inst/clk_out2                                                    |
| g1        | 14    | BUFGCE/O        | None       |           0 |             239 |  239 |      0 |    0 |   0 |  0 |    0 |   0 |       0 | zcu102_i/optical_flow_1/inst/Loop_FRAMES_CP_OUTER_U0/optical_flow_fdivbkb_U5/aclken |
+-----------+-------+-----------------+------------+-------------+-----------------+------+--------+------+-----+----+------+-----+---------+-------------------------------------------------------------------------------------+
* Clock Loads column represents the clock pin loads (pin count)
** Non-Clock Loads column represents the non-clock pin loads (pin count)
*** Columns FF, LUTRAM, RAMB through 'Hard IP' represents load cell counts


20. Clock Region Cell Placement per Global Clock: Region X2Y0
-------------------------------------------------------------

+-----------+-------+-----------------+------------+-------------+-----------------+------+--------+------+-----+----+------+-----+---------+-------------------------------------------------------------------------------------+
| Global Id | Track | Driver Type/Pin | Constraint | Clock Loads | Non-Clock Loads | FF   | LUTRAM | RAMB | DSP | GT | MMCM | PLL | Hard IP | Net                                                                                 |
+-----------+-------+-----------------+------------+-------------+-----------------+------+--------+------+-----+----+------+-----+---------+-------------------------------------------------------------------------------------+
| g0        | 2     | BUFGCE/O        | None       |        6226 |               0 | 6004 |    156 |    5 |  61 |  0 |    0 |   0 |       0 | zcu102_i/clk_wiz_0/inst/clk_out2                                                    |
| g1        | 14    | BUFGCE/O        | None       |           0 |            1078 | 1078 |      0 |    0 |   0 |  0 |    0 |   0 |       0 | zcu102_i/optical_flow_1/inst/Loop_FRAMES_CP_OUTER_U0/optical_flow_fdivbkb_U5/aclken |
| g2        | 20    | BUFGCE/O        | None       |           0 |             364 |  364 |      0 |    0 |   0 |  0 |    0 |   0 |       0 | zcu102_i/optical_flow_1/inst/flow_calc_U0/optical_flow_fdivbkb_U251/aclken          |
| g8        | 0     | BUFGCE/O        | None       |           0 |             133 |  133 |      0 |    0 |   0 |  0 |    0 |   0 |       0 | zcu102_i/optical_flow_1/inst/tensor_weight_x_U0/optical_flow_faddhbi_U220/E[0]      |
+-----------+-------+-----------------+------------+-------------+-----------------+------+--------+------+-----+----+------+-----+---------+-------------------------------------------------------------------------------------+
* Clock Loads column represents the clock pin loads (pin count)
** Non-Clock Loads column represents the non-clock pin loads (pin count)
*** Columns FF, LUTRAM, RAMB through 'Hard IP' represents load cell counts


21. Clock Region Cell Placement per Global Clock: Region X3Y0
-------------------------------------------------------------

+-----------+-------+-----------------+------------+-------------+-----------------+------+--------+------+-----+----+------+-----+---------+-------------------------------------------------------------------------------------+
| Global Id | Track | Driver Type/Pin | Constraint | Clock Loads | Non-Clock Loads | FF   | LUTRAM | RAMB | DSP | GT | MMCM | PLL | Hard IP | Net                                                                                 |
+-----------+-------+-----------------+------------+-------------+-----------------+------+--------+------+-----+----+------+-----+---------+-------------------------------------------------------------------------------------+
| g0        | 2     | BUFGCE/O        | None       |        3858 |               0 | 3598 |    240 |    0 |  20 |  0 |    0 |   0 |       0 | zcu102_i/clk_wiz_0/inst/clk_out2                                                    |
| g1+       | 14    | BUFGCE/O        | None       |           0 |               0 |    0 |      0 |    0 |   0 |  0 |    0 |   0 |       0 | zcu102_i/optical_flow_1/inst/Loop_FRAMES_CP_OUTER_U0/optical_flow_fdivbkb_U5/aclken |
| g2+       | 20    | BUFGCE/O        | None       |           0 |               0 |    0 |      0 |    0 |   0 |  0 |    0 |   0 |       0 | zcu102_i/optical_flow_1/inst/flow_calc_U0/optical_flow_fdivbkb_U251/aclken          |
| g8        | 0     | BUFGCE/O        | None       |           0 |             886 |  886 |      0 |    0 |   0 |  0 |    0 |   0 |       0 | zcu102_i/optical_flow_1/inst/tensor_weight_x_U0/optical_flow_faddhbi_U220/E[0]      |
+-----------+-------+-----------------+------------+-------------+-----------------+------+--------+------+-----+----+------+-----+---------+-------------------------------------------------------------------------------------+
* Clock Loads column represents the clock pin loads (pin count)
** Non-Clock Loads column represents the non-clock pin loads (pin count)
*** Columns FF, LUTRAM, RAMB through 'Hard IP' represents load cell counts
**** In Global Id column, sympbol '+' indicates that global clock was used only to route through the clock region.


22. Clock Region Cell Placement per Global Clock: Region X1Y1
-------------------------------------------------------------

+-----------+-------+-----------------+------------+-------------+-----------------+------+--------+------+-----+----+------+-----+---------+----------------------------------------------------------------------------------+
| Global Id | Track | Driver Type/Pin | Constraint | Clock Loads | Non-Clock Loads | FF   | LUTRAM | RAMB | DSP | GT | MMCM | PLL | Hard IP | Net                                                                              |
+-----------+-------+-----------------+------------+-------------+-----------------+------+--------+------+-----+----+------+-----+---------+----------------------------------------------------------------------------------+
| g0        | 2     | BUFGCE/O        | None       |        7765 |               0 | 7546 |    181 |   10 |  28 |  0 |    0 |   0 |       0 | zcu102_i/clk_wiz_0/inst/clk_out2                                                 |
| g2        | 20    | BUFGCE/O        | None       |           0 |             312 |  312 |      0 |    0 |   0 |  0 |    0 |   0 |       0 | zcu102_i/optical_flow_1/inst/flow_calc_U0/optical_flow_fdivbkb_U251/aclken       |
| g3        | 8     | BUFGCE/O        | None       |           0 |             145 |  145 |      0 |    0 |   0 |  0 |    0 |   0 |       0 | zcu102_i/optical_flow_1/inst/gradient_weight_x_U0/optical_flow_faddhbi_U126/E[0] |
+-----------+-------+-----------------+------------+-------------+-----------------+------+--------+------+-----+----+------+-----+---------+----------------------------------------------------------------------------------+
* Clock Loads column represents the clock pin loads (pin count)
** Non-Clock Loads column represents the non-clock pin loads (pin count)
*** Columns FF, LUTRAM, RAMB through 'Hard IP' represents load cell counts


23. Clock Region Cell Placement per Global Clock: Region X2Y1
-------------------------------------------------------------

+-----------+-------+-----------------+------------+-------------+-----------------+------+--------+------+-----+----+------+-----+---------+-------------------------------------------------------------------------------------+
| Global Id | Track | Driver Type/Pin | Constraint | Clock Loads | Non-Clock Loads | FF   | LUTRAM | RAMB | DSP | GT | MMCM | PLL | Hard IP | Net                                                                                 |
+-----------+-------+-----------------+------------+-------------+-----------------+------+--------+------+-----+----+------+-----+---------+-------------------------------------------------------------------------------------+
| g0        | 2     | BUFGCE/O        | None       |        7181 |               0 | 6824 |    271 |    4 |  82 |  0 |    0 |   0 |       0 | zcu102_i/clk_wiz_0/inst/clk_out2                                                    |
| g1        | 14    | BUFGCE/O        | None       |           0 |              90 |   90 |      0 |    0 |   0 |  0 |    0 |   0 |       0 | zcu102_i/optical_flow_1/inst/Loop_FRAMES_CP_OUTER_U0/optical_flow_fdivbkb_U5/aclken |
| g2        | 20    | BUFGCE/O        | None       |           0 |             877 |  877 |      0 |    0 |   0 |  0 |    0 |   0 |       0 | zcu102_i/optical_flow_1/inst/flow_calc_U0/optical_flow_fdivbkb_U251/aclken          |
| g3        | 8     | BUFGCE/O        | None       |           0 |             623 |  623 |      0 |    0 |   0 |  0 |    0 |   0 |       0 | zcu102_i/optical_flow_1/inst/gradient_weight_x_U0/optical_flow_faddhbi_U126/E[0]    |
| g8        | 0     | BUFGCE/O        | None       |           0 |              23 |   23 |      0 |    0 |   0 |  0 |    0 |   0 |       0 | zcu102_i/optical_flow_1/inst/tensor_weight_x_U0/optical_flow_faddhbi_U220/E[0]      |
| g9        | 4     | BUFGCE/O        | None       |           0 |             299 |  299 |      0 |    0 |   0 |  0 |    0 |   0 |       0 | zcu102_i/optical_flow_1/inst/tensor_weight_y_U0/optical_flow_faddhbi_U181/p_13_in   |
+-----------+-------+-----------------+------------+-------------+-----------------+------+--------+------+-----+----+------+-----+---------+-------------------------------------------------------------------------------------+
* Clock Loads column represents the clock pin loads (pin count)
** Non-Clock Loads column represents the non-clock pin loads (pin count)
*** Columns FF, LUTRAM, RAMB through 'Hard IP' represents load cell counts


24. Clock Region Cell Placement per Global Clock: Region X3Y1
-------------------------------------------------------------

+-----------+-------+-----------------+------------+-------------+-----------------+------+--------+------+-----+----+------+-----+---------+-------------------------------------------------------------------------------------+
| Global Id | Track | Driver Type/Pin | Constraint | Clock Loads | Non-Clock Loads | FF   | LUTRAM | RAMB | DSP | GT | MMCM | PLL | Hard IP | Net                                                                                 |
+-----------+-------+-----------------+------------+-------------+-----------------+------+--------+------+-----+----+------+-----+---------+-------------------------------------------------------------------------------------+
| g0        | 2     | BUFGCE/O        | None       |        5347 |               0 | 5189 |    104 |   12 |  42 |  0 |    0 |   0 |       0 | zcu102_i/clk_wiz_0/inst/clk_out2                                                    |
| g1+       | 14    | BUFGCE/O        | None       |           0 |               0 |    0 |      0 |    0 |   0 |  0 |    0 |   0 |       0 | zcu102_i/optical_flow_1/inst/Loop_FRAMES_CP_OUTER_U0/optical_flow_fdivbkb_U5/aclken |
| g2+       | 20    | BUFGCE/O        | None       |           0 |               0 |    0 |      0 |    0 |   0 |  0 |    0 |   0 |       0 | zcu102_i/optical_flow_1/inst/flow_calc_U0/optical_flow_fdivbkb_U251/aclken          |
| g3+       | 8     | BUFGCE/O        | None       |           0 |               0 |    0 |      0 |    0 |   0 |  0 |    0 |   0 |       0 | zcu102_i/optical_flow_1/inst/gradient_weight_x_U0/optical_flow_faddhbi_U126/E[0]    |
| g8        | 0     | BUFGCE/O        | None       |           0 |             241 |  241 |      0 |    0 |   0 |  0 |    0 |   0 |       0 | zcu102_i/optical_flow_1/inst/tensor_weight_x_U0/optical_flow_faddhbi_U220/E[0]      |
| g9        | 4     | BUFGCE/O        | None       |           0 |             893 |  893 |      0 |    0 |   0 |  0 |    0 |   0 |       0 | zcu102_i/optical_flow_1/inst/tensor_weight_y_U0/optical_flow_faddhbi_U181/p_13_in   |
+-----------+-------+-----------------+------------+-------------+-----------------+------+--------+------+-----+----+------+-----+---------+-------------------------------------------------------------------------------------+
* Clock Loads column represents the clock pin loads (pin count)
** Non-Clock Loads column represents the non-clock pin loads (pin count)
*** Columns FF, LUTRAM, RAMB through 'Hard IP' represents load cell counts
**** In Global Id column, sympbol '+' indicates that global clock was used only to route through the clock region.


25. Clock Region Cell Placement per Global Clock: Region X1Y2
-------------------------------------------------------------

+-----------+-------+-----------------+------------+-------------+-----------------+------+--------+------+-----+----+------+-----+---------+-------------------------------------------------------------------------------------+
| Global Id | Track | Driver Type/Pin | Constraint | Clock Loads | Non-Clock Loads | FF   | LUTRAM | RAMB | DSP | GT | MMCM | PLL | Hard IP | Net                                                                                 |
+-----------+-------+-----------------+------------+-------------+-----------------+------+--------+------+-----+----+------+-----+---------+-------------------------------------------------------------------------------------+
| g0        | 2     | BUFGCE/O        | None       |        6435 |               0 | 6230 |    147 |   11 |  47 |  0 |    0 |   0 |       0 | zcu102_i/clk_wiz_0/inst/clk_out2                                                    |
| g1        | 14    | BUFGCE/O        | None       |           0 |              84 |   84 |      0 |    0 |   0 |  0 |    0 |   0 |       0 | zcu102_i/optical_flow_1/inst/Loop_FRAMES_CP_OUTER_U0/optical_flow_fdivbkb_U5/aclken |
| g3        | 8     | BUFGCE/O        | None       |           0 |              96 |   96 |      0 |    0 |   0 |  0 |    0 |   0 |       0 | zcu102_i/optical_flow_1/inst/gradient_weight_x_U0/optical_flow_faddhbi_U126/E[0]    |
| g4        | 3     | BUFGCE/O        | None       |           0 |             386 |  386 |      0 |    0 |   0 |  0 |    0 |   0 |       0 | zcu102_i/optical_flow_1/inst/gradient_weight_x_U0/optical_flow_fmulibs_U140/ce_r    |
| g5        | 20    | BUFGCE/O        | None       |           0 |             521 |  521 |      0 |    0 |   0 |  0 |    0 |   0 |       0 | zcu102_i/optical_flow_1/inst/gradient_weight_y_U0/optical_flow_faddhbi_U77/E[0]     |
| g6        | 1     | BUFGCE/O        | None       |           0 |             503 |  503 |      0 |    0 |   0 |  0 |    0 |   0 |       0 | zcu102_i/optical_flow_1/inst/gradient_weight_y_U0/optical_flow_fmulibs_U92/ce_r     |
| g10+      | 0     | BUFG_PS/O       | None       |           0 |               0 |    0 |      0 |    0 |   0 |  0 |    0 |   0 |       0 | zcu102_i/ps_e/inst/pl_clk0                                                          |
+-----------+-------+-----------------+------------+-------------+-----------------+------+--------+------+-----+----+------+-----+---------+-------------------------------------------------------------------------------------+
* Clock Loads column represents the clock pin loads (pin count)
** Non-Clock Loads column represents the non-clock pin loads (pin count)
*** Columns FF, LUTRAM, RAMB through 'Hard IP' represents load cell counts
**** In Global Id column, sympbol '+' indicates that global clock was used only to route through the clock region.


26. Clock Region Cell Placement per Global Clock: Region X2Y2
-------------------------------------------------------------

+-----------+-------+-----------------+------------+-------------+-----------------+------+--------+------+-----+----+------+-----+---------+-------------------------------------------------------------------------------------+
| Global Id | Track | Driver Type/Pin | Constraint | Clock Loads | Non-Clock Loads | FF   | LUTRAM | RAMB | DSP | GT | MMCM | PLL | Hard IP | Net                                                                                 |
+-----------+-------+-----------------+------------+-------------+-----------------+------+--------+------+-----+----+------+-----+---------+-------------------------------------------------------------------------------------+
| g0        | 2     | BUFGCE/O        | None       |        7587 |               0 | 6925 |    574 |   12 |  76 |  0 |    0 |   0 |       0 | zcu102_i/clk_wiz_0/inst/clk_out2                                                    |
| g1        | 14    | BUFGCE/O        | None       |           0 |             159 |  159 |      0 |    0 |   0 |  0 |    0 |   0 |       0 | zcu102_i/optical_flow_1/inst/Loop_FRAMES_CP_OUTER_U0/optical_flow_fdivbkb_U5/aclken |
| g3        | 8     | BUFGCE/O        | None       |           0 |             950 |  950 |      0 |    0 |   0 |  0 |    0 |   0 |       0 | zcu102_i/optical_flow_1/inst/gradient_weight_x_U0/optical_flow_faddhbi_U126/E[0]    |
| g4        | 3     | BUFGCE/O        | None       |           0 |             640 |  640 |      0 |    0 |   0 |  0 |    0 |   0 |       0 | zcu102_i/optical_flow_1/inst/gradient_weight_x_U0/optical_flow_fmulibs_U140/ce_r    |
| g5        | 20    | BUFGCE/O        | None       |           0 |             654 |  654 |      0 |    0 |   0 |  0 |    0 |   0 |       0 | zcu102_i/optical_flow_1/inst/gradient_weight_y_U0/optical_flow_faddhbi_U77/E[0]     |
| g6        | 1     | BUFGCE/O        | None       |           0 |             435 |  435 |      0 |    0 |   0 |  0 |    0 |   0 |       0 | zcu102_i/optical_flow_1/inst/gradient_weight_y_U0/optical_flow_fmulibs_U92/ce_r     |
| g10+      | 0     | BUFG_PS/O       | None       |           0 |               0 |    0 |      0 |    0 |   0 |  0 |    0 |   0 |       0 | zcu102_i/ps_e/inst/pl_clk0                                                          |
+-----------+-------+-----------------+------------+-------------+-----------------+------+--------+------+-----+----+------+-----+---------+-------------------------------------------------------------------------------------+
* Clock Loads column represents the clock pin loads (pin count)
** Non-Clock Loads column represents the non-clock pin loads (pin count)
*** Columns FF, LUTRAM, RAMB through 'Hard IP' represents load cell counts
**** In Global Id column, sympbol '+' indicates that global clock was used only to route through the clock region.


27. Clock Region Cell Placement per Global Clock: Region X3Y2
-------------------------------------------------------------

+-----------+-------+-----------------+------------+-------------+-----------------+------+--------+------+-----+----+------+-----+---------+-------------------------------------------------------------------------------------+
| Global Id | Track | Driver Type/Pin | Constraint | Clock Loads | Non-Clock Loads | FF   | LUTRAM | RAMB | DSP | GT | MMCM | PLL | Hard IP | Net                                                                                 |
+-----------+-------+-----------------+------------+-------------+-----------------+------+--------+------+-----+----+------+-----+---------+-------------------------------------------------------------------------------------+
| g0        | 2     | BUFGCE/O        | None       |        4706 |               0 | 4520 |    144 |    2 |  40 |  0 |    0 |   0 |       0 | zcu102_i/clk_wiz_0/inst/clk_out2                                                    |
| g1+       | 14    | BUFGCE/O        | None       |           0 |               0 |    0 |      0 |    0 |   0 |  0 |    0 |   0 |       0 | zcu102_i/optical_flow_1/inst/Loop_FRAMES_CP_OUTER_U0/optical_flow_fdivbkb_U5/aclken |
| g3        | 8     | BUFGCE/O        | None       |           0 |             493 |  493 |      0 |    0 |   0 |  0 |    0 |   0 |       0 | zcu102_i/optical_flow_1/inst/gradient_weight_x_U0/optical_flow_faddhbi_U126/E[0]    |
| g4        | 3     | BUFGCE/O        | None       |           0 |              49 |   49 |      0 |    0 |   0 |  0 |    0 |   0 |       0 | zcu102_i/optical_flow_1/inst/gradient_weight_x_U0/optical_flow_fmulibs_U140/ce_r    |
| g5        | 20    | BUFGCE/O        | None       |           0 |             367 |  367 |      0 |    0 |   0 |  0 |    0 |   0 |       0 | zcu102_i/optical_flow_1/inst/gradient_weight_y_U0/optical_flow_faddhbi_U77/E[0]     |
| g6+       | 1     | BUFGCE/O        | None       |           0 |               0 |    0 |      0 |    0 |   0 |  0 |    0 |   0 |       0 | zcu102_i/optical_flow_1/inst/gradient_weight_y_U0/optical_flow_fmulibs_U92/ce_r     |
| g9        | 4     | BUFGCE/O        | None       |           0 |              99 |   99 |      0 |    0 |   0 |  0 |    0 |   0 |       0 | zcu102_i/optical_flow_1/inst/tensor_weight_y_U0/optical_flow_faddhbi_U181/p_13_in   |
| g10+      | 0     | BUFG_PS/O       | None       |           0 |               0 |    0 |      0 |    0 |   0 |  0 |    0 |   0 |       0 | zcu102_i/ps_e/inst/pl_clk0                                                          |
+-----------+-------+-----------------+------------+-------------+-----------------+------+--------+------+-----+----+------+-----+---------+-------------------------------------------------------------------------------------+
* Clock Loads column represents the clock pin loads (pin count)
** Non-Clock Loads column represents the non-clock pin loads (pin count)
*** Columns FF, LUTRAM, RAMB through 'Hard IP' represents load cell counts
**** In Global Id column, sympbol '+' indicates that global clock was used only to route through the clock region.


28. Clock Region Cell Placement per Global Clock: Region X0Y3
-------------------------------------------------------------

+-----------+-------+-----------------+------------+-------------+-----------------+-----+--------+------+-----+----+------+-----+---------+----------------------------------+
| Global Id | Track | Driver Type/Pin | Constraint | Clock Loads | Non-Clock Loads | FF  | LUTRAM | RAMB | DSP | GT | MMCM | PLL | Hard IP | Net                              |
+-----------+-------+-----------------+------------+-------------+-----------------+-----+--------+------+-----+----+------+-----+---------+----------------------------------+
| g0        | 2     | BUFGCE/O        | None       |         256 |               0 | 256 |      0 |    0 |   0 |  0 |    0 |   0 |       0 | zcu102_i/clk_wiz_0/inst/clk_out2 |
+-----------+-------+-----------------+------------+-------------+-----------------+-----+--------+------+-----+----+------+-----+---------+----------------------------------+
* Clock Loads column represents the clock pin loads (pin count)
** Non-Clock Loads column represents the non-clock pin loads (pin count)
*** Columns FF, LUTRAM, RAMB through 'Hard IP' represents load cell counts


29. Clock Region Cell Placement per Global Clock: Region X1Y3
-------------------------------------------------------------

+-----------+-------+-----------------+------------+-------------+-----------------+------+--------+------+-----+----+------+-----+---------+----------------------------------------------------------------------------------+
| Global Id | Track | Driver Type/Pin | Constraint | Clock Loads | Non-Clock Loads | FF   | LUTRAM | RAMB | DSP | GT | MMCM | PLL | Hard IP | Net                                                                              |
+-----------+-------+-----------------+------------+-------------+-----------------+------+--------+------+-----+----+------+-----+---------+----------------------------------------------------------------------------------+
| g0        | 2     | BUFGCE/O        | None       |        4160 |               0 | 3954 |    166 |    4 |  36 |  0 |    0 |   0 |       0 | zcu102_i/clk_wiz_0/inst/clk_out2                                                 |
| g5        | 20    | BUFGCE/O        | None       |           0 |              33 |   33 |      0 |    0 |   0 |  0 |    0 |   0 |       0 | zcu102_i/optical_flow_1/inst/gradient_weight_y_U0/optical_flow_faddhbi_U77/E[0]  |
| g6        | 1     | BUFGCE/O        | None       |           0 |              96 |   96 |      0 |    0 |   0 |  0 |    0 |   0 |       0 | zcu102_i/optical_flow_1/inst/gradient_weight_y_U0/optical_flow_fmulibs_U92/ce_r  |
| g7        | 8     | BUFGCE/O        | None       |           0 |            1575 | 1575 |      0 |    0 |   0 |  0 |    0 |   0 |       0 | zcu102_i/optical_flow_1/inst/gradient_xy_calc_U0/optical_flow_fdivbkb_U35/aclken |
+-----------+-------+-----------------+------------+-------------+-----------------+------+--------+------+-----+----+------+-----+---------+----------------------------------------------------------------------------------+
* Clock Loads column represents the clock pin loads (pin count)
** Non-Clock Loads column represents the non-clock pin loads (pin count)
*** Columns FF, LUTRAM, RAMB through 'Hard IP' represents load cell counts


30. Clock Region Cell Placement per Global Clock: Region X2Y3
-------------------------------------------------------------

+-----------+-------+-----------------+------------+-------------+-----------------+------+--------+------+-----+----+------+-----+---------+----------------------------------------------------------------------------------+
| Global Id | Track | Driver Type/Pin | Constraint | Clock Loads | Non-Clock Loads | FF   | LUTRAM | RAMB | DSP | GT | MMCM | PLL | Hard IP | Net                                                                              |
+-----------+-------+-----------------+------------+-------------+-----------------+------+--------+------+-----+----+------+-----+---------+----------------------------------------------------------------------------------+
| g0        | 2     | BUFGCE/O        | None       |        1824 |               0 | 1748 |     62 |    0 |  14 |  0 |    0 |   0 |       0 | zcu102_i/clk_wiz_0/inst/clk_out2                                                 |
| g5        | 20    | BUFGCE/O        | None       |           0 |             243 |  243 |      0 |    0 |   0 |  0 |    0 |   0 |       0 | zcu102_i/optical_flow_1/inst/gradient_weight_y_U0/optical_flow_faddhbi_U77/E[0]  |
| g6        | 1     | BUFGCE/O        | None       |           0 |              41 |   41 |      0 |    0 |   0 |  0 |    0 |   0 |       0 | zcu102_i/optical_flow_1/inst/gradient_weight_y_U0/optical_flow_fmulibs_U92/ce_r  |
| g7        | 8     | BUFGCE/O        | None       |           0 |             480 |  480 |      0 |    0 |   0 |  0 |    0 |   0 |       0 | zcu102_i/optical_flow_1/inst/gradient_xy_calc_U0/optical_flow_fdivbkb_U35/aclken |
+-----------+-------+-----------------+------------+-------------+-----------------+------+--------+------+-----+----+------+-----+---------+----------------------------------------------------------------------------------+
* Clock Loads column represents the clock pin loads (pin count)
** Non-Clock Loads column represents the non-clock pin loads (pin count)
*** Columns FF, LUTRAM, RAMB through 'Hard IP' represents load cell counts


31. Clock Region Cell Placement per Global Clock: Region X3Y3
-------------------------------------------------------------

+-----------+-------+-----------------+------------+-------------+-----------------+-----+--------+------+-----+----+------+-----+---------+----------------------------------------------------------------------------------+
| Global Id | Track | Driver Type/Pin | Constraint | Clock Loads | Non-Clock Loads | FF  | LUTRAM | RAMB | DSP | GT | MMCM | PLL | Hard IP | Net                                                                              |
+-----------+-------+-----------------+------------+-------------+-----------------+-----+--------+------+-----+----+------+-----+---------+----------------------------------------------------------------------------------+
| g0        | 2     | BUFGCE/O        | None       |         640 |               0 | 636 |      0 |    0 |   4 |  0 |    0 |   0 |       0 | zcu102_i/clk_wiz_0/inst/clk_out2                                                 |
| g5        | 20    | BUFGCE/O        | None       |           0 |             117 | 117 |      0 |    0 |   0 |  0 |    0 |   0 |       0 | zcu102_i/optical_flow_1/inst/gradient_weight_y_U0/optical_flow_faddhbi_U77/E[0]  |
| g6+       | 1     | BUFGCE/O        | None       |           0 |               0 |   0 |      0 |    0 |   0 |  0 |    0 |   0 |       0 | zcu102_i/optical_flow_1/inst/gradient_weight_y_U0/optical_flow_fmulibs_U92/ce_r  |
| g7+       | 8     | BUFGCE/O        | None       |           0 |               0 |   0 |      0 |    0 |   0 |  0 |    0 |   0 |       0 | zcu102_i/optical_flow_1/inst/gradient_xy_calc_U0/optical_flow_fdivbkb_U35/aclken |
| g10       | 0     | BUFG_PS/O       | None       |           0 |               1 |   0 |      0 |    0 |   0 |  0 |    1 |   0 |       0 | zcu102_i/ps_e/inst/pl_clk0                                                       |
+-----------+-------+-----------------+------------+-------------+-----------------+-----+--------+------+-----+----+------+-----+---------+----------------------------------------------------------------------------------+
* Clock Loads column represents the clock pin loads (pin count)
** Non-Clock Loads column represents the non-clock pin loads (pin count)
*** Columns FF, LUTRAM, RAMB through 'Hard IP' represents load cell counts
**** In Global Id column, sympbol '+' indicates that global clock was used only to route through the clock region.


32. Clock Region Cell Placement per Global Clock: Region X1Y4
-------------------------------------------------------------

+-----------+-------+-----------------+------------+-------------+-----------------+-----+--------+------+-----+----+------+-----+---------+----------------------------------------------------------------------------------+
| Global Id | Track | Driver Type/Pin | Constraint | Clock Loads | Non-Clock Loads | FF  | LUTRAM | RAMB | DSP | GT | MMCM | PLL | Hard IP | Net                                                                              |
+-----------+-------+-----------------+------------+-------------+-----------------+-----+--------+------+-----+----+------+-----+---------+----------------------------------------------------------------------------------+
| g0        | 2     | BUFGCE/O        | None       |         335 |               0 | 332 |      0 |    0 |   3 |  0 |    0 |   0 |       0 | zcu102_i/clk_wiz_0/inst/clk_out2                                                 |
| g7        | 8     | BUFGCE/O        | None       |           0 |             203 | 203 |      0 |    0 |   0 |  0 |    0 |   0 |       0 | zcu102_i/optical_flow_1/inst/gradient_xy_calc_U0/optical_flow_fdivbkb_U35/aclken |
+-----------+-------+-----------------+------------+-------------+-----------------+-----+--------+------+-----+----+------+-----+---------+----------------------------------------------------------------------------------+
* Clock Loads column represents the clock pin loads (pin count)
** Non-Clock Loads column represents the non-clock pin loads (pin count)
*** Columns FF, LUTRAM, RAMB through 'Hard IP' represents load cell counts


33. Clock Region Cell Placement per Global Clock: Region X2Y4
-------------------------------------------------------------

+-----------+-------+-----------------+------------+-------------+-----------------+----+--------+------+-----+----+------+-----+---------+----------------------------------------------------------------------------------+
| Global Id | Track | Driver Type/Pin | Constraint | Clock Loads | Non-Clock Loads | FF | LUTRAM | RAMB | DSP | GT | MMCM | PLL | Hard IP | Net                                                                              |
+-----------+-------+-----------------+------------+-------------+-----------------+----+--------+------+-----+----+------+-----+---------+----------------------------------------------------------------------------------+
| g7+       | 8     | BUFGCE/O        | None       |           0 |               0 |  0 |      0 |    0 |   0 |  0 |    0 |   0 |       0 | zcu102_i/optical_flow_1/inst/gradient_xy_calc_U0/optical_flow_fdivbkb_U35/aclken |
+-----------+-------+-----------------+------------+-------------+-----------------+----+--------+------+-----+----+------+-----+---------+----------------------------------------------------------------------------------+
* Clock Loads column represents the clock pin loads (pin count)
** Non-Clock Loads column represents the non-clock pin loads (pin count)
*** Columns FF, LUTRAM, RAMB through 'Hard IP' represents load cell counts
**** In Global Id column, sympbol '+' indicates that global clock was used only to route through the clock region.


34. Clock Region Cell Placement per Global Clock: Region X3Y4
-------------------------------------------------------------

+-----------+-------+-----------------+------------+-------------+-----------------+----+--------+------+-----+----+------+-----+---------+----------------------------------------------------------------------------------+
| Global Id | Track | Driver Type/Pin | Constraint | Clock Loads | Non-Clock Loads | FF | LUTRAM | RAMB | DSP | GT | MMCM | PLL | Hard IP | Net                                                                              |
+-----------+-------+-----------------+------------+-------------+-----------------+----+--------+------+-----+----+------+-----+---------+----------------------------------------------------------------------------------+
| g7+       | 8     | BUFGCE/O        | None       |           0 |               0 |  0 |      0 |    0 |   0 |  0 |    0 |   0 |       0 | zcu102_i/optical_flow_1/inst/gradient_xy_calc_U0/optical_flow_fdivbkb_U35/aclken |
+-----------+-------+-----------------+------------+-------------+-----------------+----+--------+------+-----+----+------+-----+---------+----------------------------------------------------------------------------------+
* Clock Loads column represents the clock pin loads (pin count)
** Non-Clock Loads column represents the non-clock pin loads (pin count)
*** Columns FF, LUTRAM, RAMB through 'Hard IP' represents load cell counts
**** In Global Id column, sympbol '+' indicates that global clock was used only to route through the clock region.


