

================================================================
== Vivado HLS Report for 'gradient_z_calc'
================================================================
* Date:           Thu Aug 13 01:50:46 2020

* Version:        2018.2 (Build 2258646 on Thu Jun 14 20:25:20 MDT 2018)
* Project:        optical_flow
* Solution:       solution
* Product family: zynquplus
* Target device:  xczu9eg-ffvb1156-2-e


================================================================
== Performance Estimates
================================================================
+ Timing (ns): 
    * Summary: 
    +--------+-------+----------+------------+
    |  Clock | Target| Estimated| Uncertainty|
    +--------+-------+----------+------------+
    |ap_clk  |  10.00|     7.057|        2.70|
    +--------+-------+----------+------------+

+ Latency (clock cycles): 
    * Summary: 
    +--------+--------+--------+--------+---------+
    |     Latency     |     Interval    | Pipeline|
    |   min  |   max  |   min  |   max  |   Type  |
    +--------+--------+--------+--------+---------+
    |  446495|  446495|  446495|  446495|   none  |
    +--------+--------+--------+--------+---------+

    + Detail: 
        * Instance: 
        N/A

        * Loop: 
        +-----------------------------+--------+--------+----------+-----------+-----------+--------+----------+
        |                             |     Latency     | Iteration|  Initiation Interval  |  Trip  |          |
        |          Loop Name          |   min  |   max  |  Latency |  achieved |   target  |  Count | Pipelined|
        +-----------------------------+--------+--------+----------+-----------+-----------+--------+----------+
        |- GRAD_Z_OUTER_GRAD_Z_INNER  |  446493|  446493|        31|          1|          1|  446464|    yes   |
        +-----------------------------+--------+--------+----------+-----------+-----------+--------+----------+



================================================================
== Utilization Estimates
================================================================
* Summary: 
+-----------------+---------+-------+--------+--------+-----+
|       Name      | BRAM_18K| DSP48E|   FF   |   LUT  | URAM|
+-----------------+---------+-------+--------+--------+-----+
|DSP              |        -|      -|       -|       -|    -|
|Expression       |        -|      -|       0|      91|    -|
|FIFO             |        -|      -|       -|       -|    -|
|Instance         |        -|     17|    1703|    2063|    -|
|Memory           |        -|      -|       -|       -|    -|
|Multiplexer      |        -|      -|       -|     111|    -|
|Register         |        0|      -|     791|     160|    -|
+-----------------+---------+-------+--------+--------+-----+
|Total            |        0|     17|    2494|    2425|    0|
+-----------------+---------+-------+--------+--------+-----+
|Available        |     1824|   2520|  548160|  274080|    0|
+-----------------+---------+-------+--------+--------+-----+
|Utilization (%)  |        0|   ~0  |   ~0   |   ~0   |    0|
+-----------------+---------+-------+--------+--------+-----+

+ Detail: 
    * Instance: 
    +--------------------------+----------------------+---------+-------+-----+-----+
    |         Instance         |        Module        | BRAM_18K| DSP48E|  FF | LUT |
    +--------------------------+----------------------+---------+-------+-----+-----+
    |optical_flow_faddhbi_U43  |optical_flow_faddhbi  |        0|      2|  227|  214|
    |optical_flow_faddhbi_U44  |optical_flow_faddhbi  |        0|      2|  227|  214|
    |optical_flow_faddhbi_U45  |optical_flow_faddhbi  |        0|      2|  227|  214|
    |optical_flow_faddhbi_U46  |optical_flow_faddhbi  |        0|      2|  227|  214|
    |optical_flow_fdivbkb_U50  |optical_flow_fdivbkb  |        0|      0|  411|  802|
    |optical_flow_fmulibs_U47  |optical_flow_fmulibs  |        0|      3|  128|  135|
    |optical_flow_fmulibs_U48  |optical_flow_fmulibs  |        0|      3|  128|  135|
    |optical_flow_fmulibs_U49  |optical_flow_fmulibs  |        0|      3|  128|  135|
    +--------------------------+----------------------+---------+-------+-----+-----+
    |Total                     |                      |        0|     17| 1703| 2063|
    +--------------------------+----------------------+---------+-------+-----+-----+

    * DSP48: 
    N/A

    * Memory: 
    N/A

    * FIFO: 
    N/A

    * Expression: 
    +------------------------------------+----------+-------+---+----+------------+------------+
    |            Variable Name           | Operation| DSP48E| FF| LUT| Bitwidth P0| Bitwidth P1|
    +------------------------------------+----------+-------+---+----+------------+------------+
    |indvar_flatten_next_fu_144_p2       |     +    |      0|  0|  26|          19|           1|
    |ap_block_state32_pp0_stage0_iter30  |    and   |      0|  0|   2|           1|           1|
    |exitcond_flatten_fu_138_p2          |   icmp   |      0|  0|  20|          19|          18|
    |ap_block_pp0_stage0_01001           |    or    |      0|  0|   2|           1|           1|
    |ap_block_state1                     |    or    |      0|  0|   2|           1|           1|
    |ap_block_state3_pp0_stage0_iter1    |    or    |      0|  0|   2|           1|           1|
    |ap_enable_pp0                       |    xor   |      0|  0|   2|           1|           2|
    |ap_enable_reg_pp0_iter1             |    xor   |      0|  0|   2|           2|           1|
    |tmp_62_neg_fu_153_p2                |    xor   |      0|  0|  33|          32|          33|
    +------------------------------------+----------+-------+---+----+------------+------------+
    |Total                               |          |      0|  0|  91|          77|          59|
    +------------------------------------+----------+-------+---+----+------------+------------+

    * Multiplexer: 
    +--------------------------+----+-----------+-----+-----------+
    |           Name           | LUT| Input Size| Bits| Total Bits|
    +--------------------------+----+-----------+-----+-----------+
    |ap_NS_fsm                 |  21|          4|    1|          4|
    |ap_done                   |   9|          2|    1|          2|
    |ap_enable_reg_pp0_iter1   |   9|          2|    1|          2|
    |ap_enable_reg_pp0_iter30  |   9|          2|    1|          2|
    |frame1_a_blk_n            |   9|          2|    1|          2|
    |frame2_a_blk_n            |   9|          2|    1|          2|
    |frame3_b_blk_n            |   9|          2|    1|          2|
    |frame4_a_blk_n            |   9|          2|    1|          2|
    |frame5_a_blk_n            |   9|          2|    1|          2|
    |gradient_z_blk_n          |   9|          2|    1|          2|
    |indvar_flatten_reg_91     |   9|          2|   19|         38|
    +--------------------------+----+-----------+-----+-----------+
    |Total                     | 111|         24|   29|         60|
    +--------------------------+----+-----------+-----+-----------+

    * Register: 
    +--------------------------+----+----+-----+-----------+
    |           Name           | FF | LUT| Bits| Const Bits|
    +--------------------------+----+----+-----+-----------+
    |ap_CS_fsm                 |   3|   0|    3|          0|
    |ap_done_reg               |   1|   0|    1|          0|
    |ap_enable_reg_pp0_iter0   |   1|   0|    1|          0|
    |ap_enable_reg_pp0_iter1   |   1|   0|    1|          0|
    |ap_enable_reg_pp0_iter10  |   1|   0|    1|          0|
    |ap_enable_reg_pp0_iter11  |   1|   0|    1|          0|
    |ap_enable_reg_pp0_iter12  |   1|   0|    1|          0|
    |ap_enable_reg_pp0_iter13  |   1|   0|    1|          0|
    |ap_enable_reg_pp0_iter14  |   1|   0|    1|          0|
    |ap_enable_reg_pp0_iter15  |   1|   0|    1|          0|
    |ap_enable_reg_pp0_iter16  |   1|   0|    1|          0|
    |ap_enable_reg_pp0_iter17  |   1|   0|    1|          0|
    |ap_enable_reg_pp0_iter18  |   1|   0|    1|          0|
    |ap_enable_reg_pp0_iter19  |   1|   0|    1|          0|
    |ap_enable_reg_pp0_iter2   |   1|   0|    1|          0|
    |ap_enable_reg_pp0_iter20  |   1|   0|    1|          0|
    |ap_enable_reg_pp0_iter21  |   1|   0|    1|          0|
    |ap_enable_reg_pp0_iter22  |   1|   0|    1|          0|
    |ap_enable_reg_pp0_iter23  |   1|   0|    1|          0|
    |ap_enable_reg_pp0_iter24  |   1|   0|    1|          0|
    |ap_enable_reg_pp0_iter25  |   1|   0|    1|          0|
    |ap_enable_reg_pp0_iter26  |   1|   0|    1|          0|
    |ap_enable_reg_pp0_iter27  |   1|   0|    1|          0|
    |ap_enable_reg_pp0_iter28  |   1|   0|    1|          0|
    |ap_enable_reg_pp0_iter29  |   1|   0|    1|          0|
    |ap_enable_reg_pp0_iter3   |   1|   0|    1|          0|
    |ap_enable_reg_pp0_iter30  |   1|   0|    1|          0|
    |ap_enable_reg_pp0_iter4   |   1|   0|    1|          0|
    |ap_enable_reg_pp0_iter5   |   1|   0|    1|          0|
    |ap_enable_reg_pp0_iter6   |   1|   0|    1|          0|
    |ap_enable_reg_pp0_iter7   |   1|   0|    1|          0|
    |ap_enable_reg_pp0_iter8   |   1|   0|    1|          0|
    |ap_enable_reg_pp0_iter9   |   1|   0|    1|          0|
    |exitcond_flatten_reg_164  |   1|   0|    1|          0|
    |frame1_a_read_reg_173     |  32|   0|   32|          0|
    |frame2_a_read_reg_178     |  32|   0|   32|          0|
    |frame3_b_read_reg_183     |  32|   0|   32|          0|
    |frame4_a_read_reg_188     |  32|   0|   32|          0|
    |frame5_a_read_reg_193     |  32|   0|   32|          0|
    |indvar_flatten_reg_91     |  19|   0|   19|          0|
    |tmp_13_reg_198            |  32|   0|   32|          0|
    |tmp_14_reg_203            |  32|   0|   32|          0|
    |tmp_15_reg_208            |  32|   0|   32|          0|
    |tmp_16_reg_213            |  32|   0|   32|          0|
    |tmp_17_reg_218            |  32|   0|   32|          0|
    |tmp_18_reg_223            |  32|   0|   32|          0|
    |tmp_20_reg_233            |  32|   0|   32|          0|
    |tmp_21_reg_238            |  32|   0|   32|          0|
    |exitcond_flatten_reg_164  |  64|  32|    1|          0|
    |frame1_a_read_reg_173     |  64|  32|   32|          0|
    |frame3_b_read_reg_183     |  64|  32|   32|          0|
    |frame4_a_read_reg_188     |  64|  32|   32|          0|
    |frame5_a_read_reg_193     |  64|  32|   32|          0|
    +--------------------------+----+----+-----+-----------+
    |Total                     | 791| 160|  600|          0|
    +--------------------------+----+----+-----+-----------+



================================================================
== Interface
================================================================
* Summary: 
+-------------------+-----+-----+------------+-----------------+--------------+
|     RTL Ports     | Dir | Bits|  Protocol  |  Source Object  |    C Type    |
+-------------------+-----+-----+------------+-----------------+--------------+
|ap_clk             |  in |    1| ap_ctrl_hs | gradient_z_calc | return value |
|ap_rst             |  in |    1| ap_ctrl_hs | gradient_z_calc | return value |
|ap_start           |  in |    1| ap_ctrl_hs | gradient_z_calc | return value |
|ap_done            | out |    1| ap_ctrl_hs | gradient_z_calc | return value |
|ap_continue        |  in |    1| ap_ctrl_hs | gradient_z_calc | return value |
|ap_idle            | out |    1| ap_ctrl_hs | gradient_z_calc | return value |
|ap_ready           | out |    1| ap_ctrl_hs | gradient_z_calc | return value |
|frame1_a_dout      |  in |   32|   ap_fifo  |     frame1_a    |    pointer   |
|frame1_a_empty_n   |  in |    1|   ap_fifo  |     frame1_a    |    pointer   |
|frame1_a_read      | out |    1|   ap_fifo  |     frame1_a    |    pointer   |
|frame2_a_dout      |  in |   32|   ap_fifo  |     frame2_a    |    pointer   |
|frame2_a_empty_n   |  in |    1|   ap_fifo  |     frame2_a    |    pointer   |
|frame2_a_read      | out |    1|   ap_fifo  |     frame2_a    |    pointer   |
|frame3_b_dout      |  in |   32|   ap_fifo  |     frame3_b    |    pointer   |
|frame3_b_empty_n   |  in |    1|   ap_fifo  |     frame3_b    |    pointer   |
|frame3_b_read      | out |    1|   ap_fifo  |     frame3_b    |    pointer   |
|frame4_a_dout      |  in |   32|   ap_fifo  |     frame4_a    |    pointer   |
|frame4_a_empty_n   |  in |    1|   ap_fifo  |     frame4_a    |    pointer   |
|frame4_a_read      | out |    1|   ap_fifo  |     frame4_a    |    pointer   |
|frame5_a_dout      |  in |   32|   ap_fifo  |     frame5_a    |    pointer   |
|frame5_a_empty_n   |  in |    1|   ap_fifo  |     frame5_a    |    pointer   |
|frame5_a_read      | out |    1|   ap_fifo  |     frame5_a    |    pointer   |
|gradient_z_din     | out |   32|   ap_fifo  |    gradient_z   |    pointer   |
|gradient_z_full_n  |  in |    1|   ap_fifo  |    gradient_z   |    pointer   |
|gradient_z_write   | out |    1|   ap_fifo  |    gradient_z   |    pointer   |
+-------------------+-----+-----+------------+-----------------+--------------+

